Error: could not find /data/djs217/PROJECTS/26_Fera_sequencing_August_2024/short_reads_2.fastq.gz













Starting Unicycler (2024-08-20 21:17:57)
----------------------------------------
    Welcome to Unicycler, an assembly pipeline for bacterial genomes. Since you provided only short reads, Unicycler will essentially function as a SPAdes-optimiser. It will try many k-mer sizes, choose the best based on contig length and graph connectivity, and scaffold the graph using SPAdes repeat resolution.
    For more information, please see https://github.com/rrwick/Unicycler

Command: /data/djs217/Unicycler-0.5.1/unicycler-runner.py -1 NCPPB4682_S25_L001_R1_001_val_1.fq.gz -2 NCPPB4682_S25_L001_R2_001_val_2.fq.gz -o NCPPB4682.unicycler

Unicycler version: v0.5.1
Using 8 threads

The output directory already exists and files may be reused or overwritten:
  /data/djs217/PROJECTS/26_Fera_sequencing_August_2024/NCPPB4682.unicycler

Dependencies:
  Program       Version   Status  
  spades.py     4.0.0     good    
  racon                   not used
  makeblastdb   2.12.0+   good    
  tblastn       2.12.0+   good    


Choosing k-mer range for assembly (2024-08-20 21:18:02)
-------------------------------------------------------
    Unicycler chooses a k-mer range for SPAdes based on the length of the input reads. It uses a wide range of many k-mer sizes to maximise the chance of finding an ideal assembly.

SPAdes maximum k-mer: 127
Median read length: 209
K-mer range: 27, 53, 71, 87, 99, 111, 119, 127


SPAdes assemblies (2024-08-20 21:18:07)
---------------------------------------
    Unicycler now uses SPAdes to assemble the short reads. It scores the assembly graph for each k-mer using the number of contigs (fewer is better) and the number of dead ends (fewer is better). The score function is 1/(c*(d+2)), where c is the contig count and d is the dead end count.

spades.py -o /data/djs217/PROJECTS/26_Fera_sequencing_August_2024/NCPPB4682.unicycler/spades_assembly -k 27 --threads 8 --gfa11 --isolate -1 /data/djs217/PROJECTS/26_Fera_sequencing_August_2024/NCPPB4682_S25_L001_R1_001_val_1.fq.gz -2 /data/djs217/PROJECTS/26_Fera_sequencing_August_2024/NCPPB4682_S25_L001_R2_001_val_2.fq.gz -m 1024

spades.py -o /data/djs217/PROJECTS/26_Fera_sequencing_August_2024/NCPPB4682.unicycler/spades_assembly -k 27,53 --threads 8 --gfa11 --restart-from k27 -m 1024

spades.py -o /data/djs217/PROJECTS/26_Fera_sequencing_August_2024/NCPPB4682.unicycler/spades_assembly -k 27,53,71 --threads 8 --gfa11 --restart-from k53 -m 1024

spades.py -o /data/djs217/PROJECTS/26_Fera_sequencing_August_2024/NCPPB4682.unicycler/spades_assembly -k 27,53,71,87 --threads 8 --gfa11 --restart-from k71 -m 1024

spades.py -o /data/djs217/PROJECTS/26_Fera_sequencing_August_2024/NCPPB4682.unicycler/spades_assembly -k 27,53,71,87,99 --threads 8 --gfa11 --restart-from k87 -m 1024

spades.py -o /data/djs217/PROJECTS/26_Fera_sequencing_August_2024/NCPPB4682.unicycler/spades_assembly -k 27,53,71,87,99,111 --threads 8 --gfa11 --restart-from k99 -m 1024

spades.py -o /data/djs217/PROJECTS/26_Fera_sequencing_August_2024/NCPPB4682.unicycler/spades_assembly -k 27,53,71,87,99,111,119 --threads 8 --gfa11 --restart-from k111 -m 1024

spades.py -o /data/djs217/PROJECTS/26_Fera_sequencing_August_2024/NCPPB4682.unicycler/spades_assembly -k 27,53,71,87,99,111,119,127 --threads 8 --gfa11 --restart-from k119 -m 1024

K-mer   Contigs   Dead ends   Score      
   27                         too complex
   53     1,061           9      8.57e-05
   71       753          10      1.11e-04
   87       533           9      1.71e-04
   99       433           8      2.31e-04
  111       389           8      2.57e-04
  119       358           8      2.79e-04 ← best
  127       348           9      2.61e-04

Read depth filter: removed 0 contigs totalling 0 bp
Deleting /data/djs217/PROJECTS/26_Fera_sequencing_August_2024/NCPPB4682.unicycler/spades_assembly/


Determining graph multiplicity (2024-08-20 21:28:40)
----------------------------------------------------
    Multiplicity is the number of times a sequence occurs in the underlying sequence. Single-copy contigs (those with a multiplicity of one, occurring only once in the underlying sequence) are particularly useful.

Saving /data/djs217/PROJECTS/26_Fera_sequencing_August_2024/NCPPB4682.unicycler/002_depth_filter.gfa


Cleaning graph (2024-08-20 21:28:40)
------------------------------------
    Unicycler now performs various cleaning procedures on the graph to remove overlaps and simplify the graph structure. The end result is a graph ready for bridging.

Graph overlaps removed

Removed zero-length segments:
    172, 173, 178, 187, 188, 189, 191, 194, 196, 197, 202, 208, 210, 216, 218, 223, 225, 229, 230, 233, 239, 243, 245, 246, 255, 261, 262, 266, 273, 274, 275, 278, 282, 283, 286, 298, 312, 313, 348

Removed zero-length segments:
    171, 174, 247, 279, 296, 335, 342

Merged small segments:
    306, 307, 308, 310, 314, 315, 316, 318, 320, 321, 322, 323, 324, 325, 326, 327, 329, 330, 331, 333, 334, 338, 339, 340, 341, 343, 344, 345, 346, 347, 349, 350, 351, 352, 353, 354, 355

Saving /data/djs217/PROJECTS/26_Fera_sequencing_August_2024/NCPPB4682.unicycler/003_overlaps_removed.gfa

    Unicycler now selects a set of anchor contigs from the single-copy contigs. These are the contigs which will be connected via bridges to form the final assembly.

81 anchor segments (4,945,973 bp) out of 276 total segments (4,999,824 bp)


Creating SPAdes contig bridges (2024-08-20 21:28:40)
----------------------------------------------------
    SPAdes uses paired-end information to perform repeat resolution (RR) and produce contigs from the assembly graph. SPAdes saves the graph paths corresponding to these contigs in the contigs.paths file. When one of these paths contains two or more anchor contigs, Unicycler can create a bridge from the path.

                                                                        Bridge
Start                           Path                           End     quality
  -75                     -170 → 94 → 140                      80         17.4
  -58                           -120                           64         63.2
  -48                           -92                            60         19.4
  -31                           162                            65         63.2
  -16              158 → 263 → 146 → -262 → -157               37         38.8
  -14                           150                            68         62.1
  -10                           167                            43         62.7
   -2                           188                            53         63.1
   -1              -250 → -164 → -109 → 237 → 165              15         27.2
    3                           -160                           29         63.2
    5                      134 → 95 → 134                      26         13.6
    6                     136 → -227 → 136                     -30        38.3
    7                           160                            13         63.2
    8                           -167                           63         63.2
   20                           -150                           -33        63.1
   25                           162                            -70        62.5
   26                           -117                           -55        62.7
   31   -137 → -273 → -139 → -165 → 236 → -125 → -257 → -172   23         23.9
   37                            92                            -60        18.8
   40                           117                            11         63.2
   58                           170                            -80        63.2
   62                           138                            78         63.2
   73                           138                            52         62.6
   74              199 → 143 → -130 → 133 → -244               34         28.6


Creating loop unrolling bridges (2024-08-20 21:28:40)
-----------------------------------------------------
    When a SPAdes contig path connects an anchor contig with the middle contig of a simple loop, Unicycler concludes that the sequences are contiguous (i.e. the loop is not a separate piece of DNA). It then uses the read depth of the middle and repeat contigs to guess the number of times to traverse the loop and makes a bridge.

                                  Loop count   Loop count    Loop    Bridge
Start   Repeat   Middle     End    by repeat    by middle   count   quality
  -49     -142      242      -9         0.43         0.49       1      29.4
   30     -136      227      -6         0.08         1.07       1      21.4
    5      134       95      26         0.60         1.18       1      40.8


Applying bridges (2024-08-20 21:28:40)
--------------------------------------
    Unicycler now applies to the graph in decreasing order of quality. This ensures that when multiple, contradictory bridges exist, the most supported option is used.

Bridge type   Start → end   Path                                       Quality
SPAdes            8 → 63    -167                                        63.245
SPAdes          -31 → 65    162                                         63.244
SPAdes           58 → -80   170                                         63.241
SPAdes           62 → 78    138                                         63.232
SPAdes            7 → 13    160                                         63.226
SPAdes            3 → 29    -160                                        63.200
SPAdes          -58 → 64    -120                                        63.193
SPAdes           40 → 11    117                                         63.163
SPAdes           20 → -33   -150                                        63.120
SPAdes           -2 → 53    188                                         63.082
SPAdes           26 → -55   -117                                        62.739
SPAdes          -10 → 43    167                                         62.715
SPAdes           73 → 52    138                                         62.614
SPAdes           25 → -70   162                                         62.530
SPAdes          -14 → 68    150                                         62.075
SPAdes          -16 → 37    158, 263, 146, -262, -157                   38.845
SPAdes            6 → -30   136, -227, 136                              38.339
SPAdes           74 → 34    199, 143, -130, 133, -244                   28.601
SPAdes           -1 → 15    -250, -164, -109, 237, 165                  27.184
SPAdes           31 → 23    -137, -273, -139, -165, 236, -125, -257,    23.901
                            -172                                              
SPAdes          -48 → 60    -92                                         19.385
SPAdes           37 → -60   92                                          18.791
SPAdes          -75 → 80    -170, 94, 140                               17.367
SPAdes            5 → 26    134, 95, 134                                13.631
loop            -49 → -9    -142, 242, -142                             29.441

Saving /data/djs217/PROJECTS/26_Fera_sequencing_August_2024/NCPPB4682.unicycler/004_bridges_applied.gfa


Bridged assembly graph (2024-08-20 21:28:40)
--------------------------------------------
    The assembly is now mostly finished and no more structural changes will be made. Ideally the assembly graph should now have one contig per replicon and no erroneous contigs (i.e. a complete assembly). If there are more contigs, then the assembly is not complete.

Saving /data/djs217/PROJECTS/26_Fera_sequencing_August_2024/NCPPB4682.unicycler/005_final_clean.gfa

Component   Segments   Links   Length      N50       Longest segment   Status    
    total        216     310   5,004,806   162,982           474,175             
        1        215     310   4,988,909   162,982           474,175   incomplete
        2          1       0      15,897    15,897            15,897   incomplete


Assembly complete (2024-08-20 21:28:40)
---------------------------------------
Saving /data/djs217/PROJECTS/26_Fera_sequencing_August_2024/NCPPB4682.unicycler/assembly.gfa
Saving /data/djs217/PROJECTS/26_Fera_sequencing_August_2024/NCPPB4682.unicycler/assembly.fasta

