Error: could not find /data/djs217/PROJECTS/26_Fera_sequencing_August_2024/short_reads_2.fastq.gz













Starting Unicycler (2024-08-20 20:02:23)
----------------------------------------
    Welcome to Unicycler, an assembly pipeline for bacterial genomes. Since you provided only short reads, Unicycler will essentially function as a SPAdes-optimiser. It will try many k-mer sizes, choose the best based on contig length and graph connectivity, and scaffold the graph using SPAdes repeat resolution.
    For more information, please see https://github.com/rrwick/Unicycler

Command: /data/djs217/Unicycler-0.5.1/unicycler-runner.py -1 2022007670_S18_L001_R1_001_val_1.fq.gz -2 2022007670_S18_L001_R2_001_val_2.fq.gz -o 2022007670.unicycler

Unicycler version: v0.5.1
Using 8 threads

The output directory already exists and files may be reused or overwritten:
  /data/djs217/PROJECTS/26_Fera_sequencing_August_2024/2022007670.unicycler

Dependencies:
  Program       Version   Status  
  spades.py     4.0.0     good    
  racon                   not used
  makeblastdb   2.12.0+   good    
  tblastn       2.12.0+   good    


Choosing k-mer range for assembly (2024-08-20 20:02:34)
-------------------------------------------------------
    Unicycler chooses a k-mer range for SPAdes based on the length of the input reads. It uses a wide range of many k-mer sizes to maximise the chance of finding an ideal assembly.

SPAdes maximum k-mer: 127
Median read length: 209
K-mer range: 27, 53, 71, 87, 99, 111, 119, 127


SPAdes assemblies (2024-08-20 20:02:42)
---------------------------------------
    Unicycler now uses SPAdes to assemble the short reads. It scores the assembly graph for each k-mer using the number of contigs (fewer is better) and the number of dead ends (fewer is better). The score function is 1/(c*(d+2)), where c is the contig count and d is the dead end count.

spades.py -o /data/djs217/PROJECTS/26_Fera_sequencing_August_2024/2022007670.unicycler/spades_assembly -k 27 --threads 8 --gfa11 --isolate -1 /data/djs217/PROJECTS/26_Fera_sequencing_August_2024/2022007670_S18_L001_R1_001_val_1.fq.gz -2 /data/djs217/PROJECTS/26_Fera_sequencing_August_2024/2022007670_S18_L001_R2_001_val_2.fq.gz -m 1024

spades.py -o /data/djs217/PROJECTS/26_Fera_sequencing_August_2024/2022007670.unicycler/spades_assembly -k 27,53 --threads 8 --gfa11 --restart-from k27 -m 1024

spades.py -o /data/djs217/PROJECTS/26_Fera_sequencing_August_2024/2022007670.unicycler/spades_assembly -k 27,53,71 --threads 8 --gfa11 --restart-from k53 -m 1024

spades.py -o /data/djs217/PROJECTS/26_Fera_sequencing_August_2024/2022007670.unicycler/spades_assembly -k 27,53,71,87 --threads 8 --gfa11 --restart-from k71 -m 1024

spades.py -o /data/djs217/PROJECTS/26_Fera_sequencing_August_2024/2022007670.unicycler/spades_assembly -k 27,53,71,87,99 --threads 8 --gfa11 --restart-from k87 -m 1024

spades.py -o /data/djs217/PROJECTS/26_Fera_sequencing_August_2024/2022007670.unicycler/spades_assembly -k 27,53,71,87,99,111 --threads 8 --gfa11 --restart-from k99 -m 1024

spades.py -o /data/djs217/PROJECTS/26_Fera_sequencing_August_2024/2022007670.unicycler/spades_assembly -k 27,53,71,87,99,111,119 --threads 8 --gfa11 --restart-from k111 -m 1024

spades.py -o /data/djs217/PROJECTS/26_Fera_sequencing_August_2024/2022007670.unicycler/spades_assembly -k 27,53,71,87,99,111,119,127 --threads 8 --gfa11 --restart-from k119 -m 1024

K-mer   Contigs   Dead ends   Score      
   27                         too complex
   53       977          14      6.40e-05
   71       638          13      1.04e-04
   87       433          17      1.22e-04
   99       332          15      1.77e-04
  111       268          13      2.49e-04
  119       229          13      2.91e-04
  127       209          14      2.99e-04 ← best

Read depth filter: removed 0 contigs totalling 0 bp
Deleting /data/djs217/PROJECTS/26_Fera_sequencing_August_2024/2022007670.unicycler/spades_assembly/


Determining graph multiplicity (2024-08-20 20:16:03)
----------------------------------------------------
    Multiplicity is the number of times a sequence occurs in the underlying sequence. Single-copy contigs (those with a multiplicity of one, occurring only once in the underlying sequence) are particularly useful.

Saving /data/djs217/PROJECTS/26_Fera_sequencing_August_2024/2022007670.unicycler/002_depth_filter.gfa


Cleaning graph (2024-08-20 20:16:03)
------------------------------------
    Unicycler now performs various cleaning procedures on the graph to remove overlaps and simplify the graph structure. The end result is a graph ready for bridging.

Graph overlaps removed

Removed zero-length segments:
    134, 136, 146, 151, 158, 162, 164, 170, 182, 183, 186, 187

Merged small segments:
    189, 190, 191, 192, 193, 195, 197, 199, 200, 201, 204, 206, 207, 209

Saving /data/djs217/PROJECTS/26_Fera_sequencing_August_2024/2022007670.unicycler/003_overlaps_removed.gfa

    Unicycler now selects a set of anchor contigs from the single-copy contigs. These are the contigs which will be connected via bridges to form the final assembly.

60 anchor segments (4,908,524 bp) out of 183 total segments (4,957,058 bp)


Creating SPAdes contig bridges (2024-08-20 20:16:03)
----------------------------------------------------
    SPAdes uses paired-end information to perform repeat resolution (RR) and produce contigs from the assembly graph. SPAdes saves the graph paths corresponding to these contigs in the contigs.paths file. When one of these paths contains two or more anchor contigs, Unicycler can create a bridge from the path.

                                                               Bridge
Start                       Path                      End     quality
  -45                       -88                       60         51.6
  -37                       120                       54         63.1
  -23              -133 → -89 → 85 → -157             25         27.2
   -8                 99 → 175 → -117                 29         43.8
    6                        88                       -60        51.7
   13                       -115                      6          63.1
   16                 101 → -78 → 101                 19         18.2
   21                       120                       -31        62.9
   24                       115                       56         63.2
   26                 99 → 176 → -117                 34         44.5
   28                   98 → 69 → 98                  40          9.1
   34                       118                       31         63.2
   40                  91 → 166 → 91                  -48        22.3
   44                -110 → 109 → -110                14         23.5
   52                       -127                      38         62.4
   53                       118                       3          62.8
   54   -116 → 123 → -108 → 67 → -116 → -124 → -108   43          4.2


Creating loop unrolling bridges (2024-08-20 20:16:03)
-----------------------------------------------------
    When a SPAdes contig path connects an anchor contig with the middle contig of a simple loop, Unicycler concludes that the sequences are contiguous (i.e. the loop is not a separate piece of DNA). It then uses the read depth of the middle and repeat contigs to guess the number of times to traverse the loop and makes a bridge.

                                  Loop count   Loop count    Loop    Bridge
Start   Repeat   Middle     End    by repeat    by middle   count   quality
    9     -122      161      -7         0.05         0.53       1      16.5
  -19     -101       78     -16         0.48         0.83       1      37.4
   44     -110      109      14         0.10         0.54       1      25.1
   22      100      165      -4         1.55         1.00       2       6.2
   40       91      166     -48         0.95         0.91       1      43.6
   28       98       69      40         1.82         1.10       1      33.3
  -45      -88       60      -6         0.72         1.19       1      36.5


Applying bridges (2024-08-20 20:16:03)
--------------------------------------
    Unicycler now applies to the graph in decreasing order of quality. This ensures that when multiple, contradictory bridges exist, the most supported option is used.

Bridge type   Start → end   Path                  Quality
SPAdes           24 → 56    115                    63.245
SPAdes           34 → 31    118                    63.231
SPAdes          -37 → 54    120                    63.127
SPAdes           13 → 6     -115                   63.053
SPAdes           21 → -31   120                    62.901
SPAdes           53 → 3     118                    62.754
SPAdes           52 → 38    -127                   62.380
SPAdes            6 → -60   88                     51.731
SPAdes          -45 → 60    -88                    51.563
SPAdes           26 → 34    99, 176, -117          44.498
SPAdes           -8 → 29    99, 175, -117          43.802
SPAdes          -23 → 25    -133, -89, 85, -157    27.217
SPAdes           44 → 14    -110, 109, -110        23.459
SPAdes           40 → -48   91, 166, 91            22.347
SPAdes           16 → 19    101, -78, 101          18.210
loop             28 → 40    98, 69, 98             33.321
loop              9 → -7    -122, 161, -122        16.538

Saving /data/djs217/PROJECTS/26_Fera_sequencing_August_2024/2022007670.unicycler/004_bridges_applied.gfa


Bridged assembly graph (2024-08-20 20:16:03)
--------------------------------------------
    The assembly is now mostly finished and no more structural changes will be made. Ideally the assembly graph should now have one contig per replicon and no erroneous contigs (i.e. a complete assembly). If there are more contigs, then the assembly is not complete.

Saving /data/djs217/PROJECTS/26_Fera_sequencing_August_2024/2022007670.unicycler/005_final_clean.gfa

Component   Segments   Links   Length      N50       Longest segment   Status    
    total        144     191   4,954,067   211,136           418,743             
        1        142     191   4,695,218   211,136           418,743   incomplete
        2          1       0     243,689   243,689           243,689   incomplete
        3          1       0      15,160    15,160            15,160   incomplete


Assembly complete (2024-08-20 20:16:03)
---------------------------------------
Saving /data/djs217/PROJECTS/26_Fera_sequencing_August_2024/2022007670.unicycler/assembly.gfa
Saving /data/djs217/PROJECTS/26_Fera_sequencing_August_2024/2022007670.unicycler/assembly.fasta

