Error: could not find /data/djs217/PROJECTS/26_Fera_sequencing_August_2024/short_reads_2.fastq.gz













Starting Unicycler (2024-08-20 21:28:40)
----------------------------------------
    Welcome to Unicycler, an assembly pipeline for bacterial genomes. Since you provided only short reads, Unicycler will essentially function as a SPAdes-optimiser. It will try many k-mer sizes, choose the best based on contig length and graph connectivity, and scaffold the graph using SPAdes repeat resolution.
    For more information, please see https://github.com/rrwick/Unicycler

Command: /data/djs217/Unicycler-0.5.1/unicycler-runner.py -1 WHRI-10260_S16_L001_R1_001_val_1.fq.gz -2 WHRI-10260_S16_L001_R2_001_val_2.fq.gz -o WHRI-10260.unicycler

Unicycler version: v0.5.1
Using 8 threads

The output directory already exists and files may be reused or overwritten:
  /data/djs217/PROJECTS/26_Fera_sequencing_August_2024/WHRI-10260.unicycler

Dependencies:
  Program       Version   Status  
  spades.py     4.0.0     good    
  racon                   not used
  makeblastdb   2.12.0+   good    
  tblastn       2.12.0+   good    


Choosing k-mer range for assembly (2024-08-20 21:28:47)
-------------------------------------------------------
    Unicycler chooses a k-mer range for SPAdes based on the length of the input reads. It uses a wide range of many k-mer sizes to maximise the chance of finding an ideal assembly.

SPAdes maximum k-mer: 127
Median read length: 183
K-mer range: 27, 53, 71, 87, 99, 111, 119, 127


SPAdes assemblies (2024-08-20 21:28:52)
---------------------------------------
    Unicycler now uses SPAdes to assemble the short reads. It scores the assembly graph for each k-mer using the number of contigs (fewer is better) and the number of dead ends (fewer is better). The score function is 1/(c*(d+2)), where c is the contig count and d is the dead end count.

spades.py -o /data/djs217/PROJECTS/26_Fera_sequencing_August_2024/WHRI-10260.unicycler/spades_assembly -k 27 --threads 8 --gfa11 --isolate -1 /data/djs217/PROJECTS/26_Fera_sequencing_August_2024/WHRI-10260_S16_L001_R1_001_val_1.fq.gz -2 /data/djs217/PROJECTS/26_Fera_sequencing_August_2024/WHRI-10260_S16_L001_R2_001_val_2.fq.gz -m 1024

spades.py -o /data/djs217/PROJECTS/26_Fera_sequencing_August_2024/WHRI-10260.unicycler/spades_assembly -k 27,53 --threads 8 --gfa11 --restart-from k27 -m 1024

spades.py -o /data/djs217/PROJECTS/26_Fera_sequencing_August_2024/WHRI-10260.unicycler/spades_assembly -k 27,53,71 --threads 8 --gfa11 --restart-from k53 -m 1024

spades.py -o /data/djs217/PROJECTS/26_Fera_sequencing_August_2024/WHRI-10260.unicycler/spades_assembly -k 27,53,71,87 --threads 8 --gfa11 --restart-from k71 -m 1024

spades.py -o /data/djs217/PROJECTS/26_Fera_sequencing_August_2024/WHRI-10260.unicycler/spades_assembly -k 27,53,71,87,99 --threads 8 --gfa11 --restart-from k87 -m 1024

spades.py -o /data/djs217/PROJECTS/26_Fera_sequencing_August_2024/WHRI-10260.unicycler/spades_assembly -k 27,53,71,87,99,111 --threads 8 --gfa11 --restart-from k99 -m 1024

spades.py -o /data/djs217/PROJECTS/26_Fera_sequencing_August_2024/WHRI-10260.unicycler/spades_assembly -k 27,53,71,87,99,111,119 --threads 8 --gfa11 --restart-from k111 -m 1024

spades.py -o /data/djs217/PROJECTS/26_Fera_sequencing_August_2024/WHRI-10260.unicycler/spades_assembly -k 27,53,71,87,99,111,119,127 --threads 8 --gfa11 --restart-from k119 -m 1024

K-mer   Contigs   Dead ends   Score   
   27     3,530           9   2.58e-05
   53     1,321           5   1.08e-04
   71       964           8   1.04e-04
   87       892           8   1.12e-04
   99       817           8   1.22e-04
  111       793          20   5.73e-05
  119       714           8   1.40e-04
  127       681           8   1.47e-04 ← best

Read depth filter: removed 3 contigs totalling 723 bp
Deleting /data/djs217/PROJECTS/26_Fera_sequencing_August_2024/WHRI-10260.unicycler/spades_assembly/


Determining graph multiplicity (2024-08-20 21:38:31)
----------------------------------------------------
    Multiplicity is the number of times a sequence occurs in the underlying sequence. Single-copy contigs (those with a multiplicity of one, occurring only once in the underlying sequence) are particularly useful.

Saving /data/djs217/PROJECTS/26_Fera_sequencing_August_2024/WHRI-10260.unicycler/002_depth_filter.gfa


Cleaning graph (2024-08-20 21:38:31)
------------------------------------
    Unicycler now performs various cleaning procedures on the graph to remove overlaps and simplify the graph structure. The end result is a graph ready for bridging.

Graph overlaps removed

Removed zero-length segments:
    256, 257, 259, 260, 261, 262, 265, 267, 268, 270, 272, 275, 276, 285, 291, 293, 294, 302, 307, 309, 311, 316, 324, 327, 329, 331, 333, 335, 337, 339, 341, 346, 348, 351, 352, 353, 380, 381, 385, 389, 390, 395, 401, 402, 406, 408, 414, 415, 416, 422, 424, 425, 429, 431, 433, 435, 437, 438, 440, 442, 445, 452, 461, 462, 465, 468, 469, 470, 471, 472, 474, 479, 480, 481, 483, 484, 485, 486, 489, 491, 492, 493, 494, 495, 496, 503, 506, 513, 515, 517, 518, 523, 524, 528, 529, 533, 536, 538, 539, 543, 547, 551, 555, 556, 557, 566, 577, 580, 581, 584, 596, 600, 601, 602, 603, 610, 618, 627, 633, 636, 644, 653

Removed zero-length segments:
    295, 296, 345, 393, 398, 455, 498, 507, 516, 520, 545, 657, 672

Removed zero-length segments:
    583

Merged small segments:
    562, 563, 565, 570, 572, 573, 575, 576, 579, 586, 587, 589, 591, 592, 593, 594, 595, 597, 598, 599, 604, 607, 611, 613, 614, 615, 619, 621, 622, 623, 624, 625, 626, 628, 630, 631, 632, 634, 638, 639, 640, 641, 642, 645, 648, 649, 650, 651, 652, 654, 655, 656, 658, 659, 660, 661, 663, 666, 667, 668, 669, 671, 673, 674, 675, 676, 677, 678, 679

Saving /data/djs217/PROJECTS/26_Fera_sequencing_August_2024/WHRI-10260.unicycler/003_overlaps_removed.gfa

    Unicycler now selects a set of anchor contigs from the single-copy contigs. These are the contigs which will be connected via bridges to form the final assembly.

126 anchor segments (4,659,367 bp) out of 481 total segments (4,710,925 bp)


Creating SPAdes contig bridges (2024-08-20 21:38:31)
----------------------------------------------------
    SPAdes uses paired-end information to perform repeat resolution (RR) and produce contigs from the assembly graph. SPAdes saves the graph paths corresponding to these contigs in the contigs.paths file. When one of these paths contains two or more anchor contigs, Unicycler can create a bridge from the path.

                                                                      Bridge
Start                          Path                          End     quality
 -105                       183 → -270                       111        46.5
  -62                   -228 → 185 → -228                    108        19.0
   43                          164                           114        39.6
   62   225 → -201 → -301 → -204 → -211 → -274 → 197 → 226   89         18.9
  114                          164                           55         39.6
  123                    177 → 148 → -215                    38         20.2


Creating loop unrolling bridges (2024-08-20 21:38:31)
-----------------------------------------------------
    When a SPAdes contig path connects an anchor contig with the middle contig of a simple loop, Unicycler concludes that the sequences are contiguous (i.e. the loop is not a separate piece of DNA). It then uses the read depth of the middle and repeat contigs to guess the number of times to traverse the loop and makes a bridge.

                                  Loop count   Loop count    Loop    Bridge
Start   Repeat   Middle     End    by repeat    by middle   count   quality
  -62     -228      185     108         1.60         1.06       1      30.5
   42      203      355     -29         1.57         0.88       1      14.9
   43      164      114      55         0.51         0.92       1      41.7


Applying bridges (2024-08-20 21:38:31)
--------------------------------------
    Unicycler now applies to the graph in decreasing order of quality. This ensures that when multiple, contradictory bridges exist, the most supported option is used.

Bridge type   Start → end   Path                                       Quality
SPAdes         -105 → 111   183, -270                                   46.522
SPAdes          114 → 55    164                                         39.559
SPAdes           43 → 114   164                                         39.551
SPAdes          123 → 38    177, 148, -215                              20.250
SPAdes          -62 → 108   -228, 185, -228                             19.025
SPAdes           62 → 89    225, -201, -301, -204, -211, -274, 197,     18.895
                            226                                               
loop             42 → -29   203, 355, 203                               14.864

Saving /data/djs217/PROJECTS/26_Fera_sequencing_August_2024/WHRI-10260.unicycler/004_bridges_applied.gfa


Bridged assembly graph (2024-08-20 21:38:31)
--------------------------------------------
    The assembly is now mostly finished and no more structural changes will be made. Ideally the assembly graph should now have one contig per replicon and no erroneous contigs (i.e. a complete assembly). If there are more contigs, then the assembly is not complete.

Saving /data/djs217/PROJECTS/26_Fera_sequencing_August_2024/WHRI-10260.unicycler/005_final_clean.gfa

Component   Segments   Links   Length      N50      Longest segment   Status    
        1        457     678   4,712,909   72,313           226,192   incomplete


Assembly complete (2024-08-20 21:38:31)
---------------------------------------
Saving /data/djs217/PROJECTS/26_Fera_sequencing_August_2024/WHRI-10260.unicycler/assembly.gfa
Saving /data/djs217/PROJECTS/26_Fera_sequencing_August_2024/WHRI-10260.unicycler/assembly.fasta

