Error: could not find /data/djs217/PROJECTS/26_Fera_sequencing_August_2024/short_reads_2.fastq.gz













Starting Unicycler (2024-08-20 21:38:31)
----------------------------------------
    Welcome to Unicycler, an assembly pipeline for bacterial genomes. Since you provided only short reads, Unicycler will essentially function as a SPAdes-optimiser. It will try many k-mer sizes, choose the best based on contig length and graph connectivity, and scaffold the graph using SPAdes repeat resolution.
    For more information, please see https://github.com/rrwick/Unicycler

Command: /data/djs217/Unicycler-0.5.1/unicycler-runner.py -1 2022000542_S17_L001_R1_001_val_1.fq.gz -2 2022000542_S17_L001_R2_001_val_2.fq.gz -o 2022000542.unicycler

Unicycler version: v0.5.1
Using 8 threads

The output directory already exists and files may be reused or overwritten:
  /data/djs217/PROJECTS/26_Fera_sequencing_August_2024/2022000542.unicycler

Dependencies:
  Program       Version   Status  
  spades.py     4.0.0     good    
  racon                   not used
  makeblastdb   2.12.0+   good    
  tblastn       2.12.0+   good    


Choosing k-mer range for assembly (2024-08-20 21:38:42)
-------------------------------------------------------
    Unicycler chooses a k-mer range for SPAdes based on the length of the input reads. It uses a wide range of many k-mer sizes to maximise the chance of finding an ideal assembly.

SPAdes maximum k-mer: 127
Median read length: 200
K-mer range: 27, 53, 71, 87, 99, 111, 119, 127


SPAdes assemblies (2024-08-20 21:38:50)
---------------------------------------
    Unicycler now uses SPAdes to assemble the short reads. It scores the assembly graph for each k-mer using the number of contigs (fewer is better) and the number of dead ends (fewer is better). The score function is 1/(c*(d+2)), where c is the contig count and d is the dead end count.

spades.py -o /data/djs217/PROJECTS/26_Fera_sequencing_August_2024/2022000542.unicycler/spades_assembly -k 27 --threads 8 --gfa11 --isolate -1 /data/djs217/PROJECTS/26_Fera_sequencing_August_2024/2022000542_S17_L001_R1_001_val_1.fq.gz -2 /data/djs217/PROJECTS/26_Fera_sequencing_August_2024/2022000542_S17_L001_R2_001_val_2.fq.gz -m 1024

spades.py -o /data/djs217/PROJECTS/26_Fera_sequencing_August_2024/2022000542.unicycler/spades_assembly -k 27,53 --threads 8 --gfa11 --restart-from k27 -m 1024

spades.py -o /data/djs217/PROJECTS/26_Fera_sequencing_August_2024/2022000542.unicycler/spades_assembly -k 27,53,71 --threads 8 --gfa11 --restart-from k53 -m 1024

spades.py -o /data/djs217/PROJECTS/26_Fera_sequencing_August_2024/2022000542.unicycler/spades_assembly -k 27,53,71,87 --threads 8 --gfa11 --restart-from k71 -m 1024

spades.py -o /data/djs217/PROJECTS/26_Fera_sequencing_August_2024/2022000542.unicycler/spades_assembly -k 27,53,71,87,99 --threads 8 --gfa11 --restart-from k87 -m 1024

spades.py -o /data/djs217/PROJECTS/26_Fera_sequencing_August_2024/2022000542.unicycler/spades_assembly -k 27,53,71,87,99,111 --threads 8 --gfa11 --restart-from k99 -m 1024

spades.py -o /data/djs217/PROJECTS/26_Fera_sequencing_August_2024/2022000542.unicycler/spades_assembly -k 27,53,71,87,99,111,119 --threads 8 --gfa11 --restart-from k111 -m 1024

spades.py -o /data/djs217/PROJECTS/26_Fera_sequencing_August_2024/2022000542.unicycler/spades_assembly -k 27,53,71,87,99,111,119,127 --threads 8 --gfa11 --restart-from k119 -m 1024

K-mer   Contigs   Dead ends   Score      
   27                         too complex
   53     1,011          13      6.59e-05
   71       668          12      1.07e-04
   87       459          12      1.56e-04
   99       381          13      1.75e-04
  111       318          13      2.10e-04
  119       285          13      2.34e-04
  127       259          14      2.41e-04 ← best

Read depth filter: removed 0 contigs totalling 0 bp
Deleting /data/djs217/PROJECTS/26_Fera_sequencing_August_2024/2022000542.unicycler/spades_assembly/


Determining graph multiplicity (2024-08-20 21:52:09)
----------------------------------------------------
    Multiplicity is the number of times a sequence occurs in the underlying sequence. Single-copy contigs (those with a multiplicity of one, occurring only once in the underlying sequence) are particularly useful.

Saving /data/djs217/PROJECTS/26_Fera_sequencing_August_2024/2022000542.unicycler/002_depth_filter.gfa


Cleaning graph (2024-08-20 21:52:09)
------------------------------------
    Unicycler now performs various cleaning procedures on the graph to remove overlaps and simplify the graph structure. The end result is a graph ready for bridging.

Graph overlaps removed

Removed zero-length segments:
    135, 136, 137, 140, 141, 142, 152, 159, 161, 164, 165, 170, 172, 173, 175, 180, 183, 187, 188, 189, 194, 211, 219, 220, 222, 223, 224, 235, 236, 239, 256

Removed zero-length segments:
    197, 248, 255

Removed zero-length segments:
    254

Merged small segments:
    225, 226, 227, 228, 230, 231, 232, 234, 237, 238, 240, 241, 246, 247, 251, 252

Saving /data/djs217/PROJECTS/26_Fera_sequencing_August_2024/2022000542.unicycler/003_overlaps_removed.gfa

    Unicycler now selects a set of anchor contigs from the single-copy contigs. These are the contigs which will be connected via bridges to form the final assembly.

55 anchor segments (4,808,880 bp) out of 209 total segments (4,861,639 bp)


Creating SPAdes contig bridges (2024-08-20 21:52:09)
----------------------------------------------------
    SPAdes uses paired-end information to perform repeat resolution (RR) and produce contigs from the assembly graph. SPAdes saves the graph paths corresponding to these contigs in the contigs.paths file. When one of these paths contains two or more anchor contigs, Unicycler can create a bridge from the path.

                                                                           Bridge
Start                             Path                            End     quality
  -36                             -126                            44         62.8
  -24                        86 → -61 → 86                        35          8.7
    2                             118                             39         63.1
    9                       124 → -65 → 124                       40         11.1
   15   -108 → -101 → 112 → 111 → -94 → -190 → 97 → -206 → -104   3          18.9
   16                             118                             -53        63.1
   21                 -92 → 203 → -99 → -74 → -127                -48        19.5
   31                   127 → 73 → 99 → 202 → 92                  48         19.3
   33                       -123 → 89 → -123                      19         23.8
   35                        87 → -75 → 87                        42         12.8
   41                             126                             28         63.0


Creating loop unrolling bridges (2024-08-20 21:52:09)
-----------------------------------------------------
    When a SPAdes contig path connects an anchor contig with the middle contig of a simple loop, Unicycler concludes that the sequences are contiguous (i.e. the loop is not a separate piece of DNA). It then uses the read depth of the middle and repeat contigs to guess the number of times to traverse the loop and makes a bridge.

                                  Loop count   Loop count    Loop    Bridge
Start   Repeat   Middle     End    by repeat    by middle   count   quality
   34      120      195      53         0.54         1.13       1      34.9
  -42      -87       75     -35         0.63         0.50       1      32.8
  -35      -86       61      24         0.88         1.02       1      44.3
   33     -123       89      19         0.74         0.86       1      40.0
  -40     -124       65      -9         0.79         0.97       1      43.8


Applying bridges (2024-08-20 21:52:09)
--------------------------------------
    Unicycler now applies to the graph in decreasing order of quality. This ensures that when multiple, contradictory bridges exist, the most supported option is used.

Bridge type   Start → end   Path                                       Quality
SPAdes           16 → -53   118                                         63.134
SPAdes            2 → 39    118                                         63.119
SPAdes           41 → 28    126                                         62.953
SPAdes          -36 → 44    -126                                        62.838
SPAdes           33 → 19    -123, 89, -123                              23.790
SPAdes           21 → -48   -92, 203, -99, -74, -127                    19.534
SPAdes           31 → 48    127, 73, 99, 202, 92                        19.292
SPAdes           15 → 3     -108, -101, 112, 111, -94, -190, 97,        18.929
                            -206, -104                                        
SPAdes           35 → 42    87, -75, 87                                 12.826
SPAdes            9 → 40    124, -65, 124                               11.065
loop            -35 → 24    -86, 61, -86                                44.302
loop             34 → 53    120, 195, 120                               34.875

Saving /data/djs217/PROJECTS/26_Fera_sequencing_August_2024/2022000542.unicycler/004_bridges_applied.gfa


Bridged assembly graph (2024-08-20 21:52:09)
--------------------------------------------
    The assembly is now mostly finished and no more structural changes will be made. Ideally the assembly graph should now have one contig per replicon and no erroneous contigs (i.e. a complete assembly). If there are more contigs, then the assembly is not complete.

Saving /data/djs217/PROJECTS/26_Fera_sequencing_August_2024/2022000542.unicycler/005_final_clean.gfa

Component   Segments   Links   Length      N50       Longest segment   Status    
        1        168     232   4,864,053   182,539           420,157   incomplete


Assembly complete (2024-08-20 21:52:09)
---------------------------------------
Saving /data/djs217/PROJECTS/26_Fera_sequencing_August_2024/2022000542.unicycler/assembly.gfa
Saving /data/djs217/PROJECTS/26_Fera_sequencing_August_2024/2022000542.unicycler/assembly.fasta

