Error: could not find /data/djs217/PROJECTS/26_Fera_sequencing_August_2024/short_reads_2.fastq.gz













Starting Unicycler (2024-08-20 20:16:03)
----------------------------------------
    Welcome to Unicycler, an assembly pipeline for bacterial genomes. Since you provided only short reads, Unicycler will essentially function as a SPAdes-optimiser. It will try many k-mer sizes, choose the best based on contig length and graph connectivity, and scaffold the graph using SPAdes repeat resolution.
    For more information, please see https://github.com/rrwick/Unicycler

Command: /data/djs217/Unicycler-0.5.1/unicycler-runner.py -1 2023012719_S19_L001_R1_001_val_1.fq.gz -2 2023012719_S19_L001_R2_001_val_2.fq.gz -o 2023012719.unicycler

Unicycler version: v0.5.1
Using 8 threads

The output directory already exists and files may be reused or overwritten:
  /data/djs217/PROJECTS/26_Fera_sequencing_August_2024/2023012719.unicycler

Dependencies:
  Program       Version   Status  
  spades.py     4.0.0     good    
  racon                   not used
  makeblastdb   2.12.0+   good    
  tblastn       2.12.0+   good    


Choosing k-mer range for assembly (2024-08-20 20:16:11)
-------------------------------------------------------
    Unicycler chooses a k-mer range for SPAdes based on the length of the input reads. It uses a wide range of many k-mer sizes to maximise the chance of finding an ideal assembly.

SPAdes maximum k-mer: 127
Median read length: 203
K-mer range: 27, 53, 71, 87, 99, 111, 119, 127


SPAdes assemblies (2024-08-20 20:16:16)
---------------------------------------
    Unicycler now uses SPAdes to assemble the short reads. It scores the assembly graph for each k-mer using the number of contigs (fewer is better) and the number of dead ends (fewer is better). The score function is 1/(c*(d+2)), where c is the contig count and d is the dead end count.

spades.py -o /data/djs217/PROJECTS/26_Fera_sequencing_August_2024/2023012719.unicycler/spades_assembly -k 27 --threads 8 --gfa11 --isolate -1 /data/djs217/PROJECTS/26_Fera_sequencing_August_2024/2023012719_S19_L001_R1_001_val_1.fq.gz -2 /data/djs217/PROJECTS/26_Fera_sequencing_August_2024/2023012719_S19_L001_R2_001_val_2.fq.gz -m 1024

spades.py -o /data/djs217/PROJECTS/26_Fera_sequencing_August_2024/2023012719.unicycler/spades_assembly -k 27,53 --threads 8 --gfa11 --restart-from k27 -m 1024

spades.py -o /data/djs217/PROJECTS/26_Fera_sequencing_August_2024/2023012719.unicycler/spades_assembly -k 27,53,71 --threads 8 --gfa11 --restart-from k53 -m 1024

spades.py -o /data/djs217/PROJECTS/26_Fera_sequencing_August_2024/2023012719.unicycler/spades_assembly -k 27,53,71,87 --threads 8 --gfa11 --restart-from k71 -m 1024

spades.py -o /data/djs217/PROJECTS/26_Fera_sequencing_August_2024/2023012719.unicycler/spades_assembly -k 27,53,71,87,99 --threads 8 --gfa11 --restart-from k87 -m 1024

spades.py -o /data/djs217/PROJECTS/26_Fera_sequencing_August_2024/2023012719.unicycler/spades_assembly -k 27,53,71,87,99,111 --threads 8 --gfa11 --restart-from k99 -m 1024

spades.py -o /data/djs217/PROJECTS/26_Fera_sequencing_August_2024/2023012719.unicycler/spades_assembly -k 27,53,71,87,99,111,119 --threads 8 --gfa11 --restart-from k111 -m 1024

spades.py -o /data/djs217/PROJECTS/26_Fera_sequencing_August_2024/2023012719.unicycler/spades_assembly -k 27,53,71,87,99,111,119,127 --threads 8 --gfa11 --restart-from k119 -m 1024

K-mer   Contigs   Dead ends   Score      
   27                         too complex
   53     1,171           6      1.07e-04
   71       904           6      1.38e-04
   87       698           9      1.30e-04
   99       643          10      1.30e-04
  111       571          10      1.46e-04
  119       526          10      1.58e-04 ← best
  127       521          13      1.28e-04

Read depth filter: removed 0 contigs totalling 0 bp
Deleting /data/djs217/PROJECTS/26_Fera_sequencing_August_2024/2023012719.unicycler/spades_assembly/


Determining graph multiplicity (2024-08-20 20:27:29)
----------------------------------------------------
    Multiplicity is the number of times a sequence occurs in the underlying sequence. Single-copy contigs (those with a multiplicity of one, occurring only once in the underlying sequence) are particularly useful.

Saving /data/djs217/PROJECTS/26_Fera_sequencing_August_2024/2023012719.unicycler/002_depth_filter.gfa


Cleaning graph (2024-08-20 20:27:29)
------------------------------------
    Unicycler now performs various cleaning procedures on the graph to remove overlaps and simplify the graph structure. The end result is a graph ready for bridging.

Graph overlaps removed

Removed zero-length segments:
    189, 190, 193, 194, 197, 199, 207, 208, 216, 220, 223, 224, 233, 237, 238, 239, 247, 251, 254, 256, 262, 271, 273, 274, 275, 278, 285, 287, 288, 289, 290, 293, 294, 298, 299, 301, 302, 303, 311, 315, 316, 317, 326, 327, 332, 333, 336, 337, 345, 346, 349, 352, 353, 354, 355, 356, 357, 358, 361, 363, 364, 365, 366, 368, 369, 370, 374, 375, 376, 377, 378, 380, 382, 385, 388, 389, 391, 395, 398, 399, 400, 401, 405, 406, 407, 408, 409, 411, 414, 425, 428, 432, 442, 450, 457, 460, 461, 463, 465, 466, 470, 471, 472, 475, 476, 477, 479, 487, 491, 498, 501, 504, 519, 522, 525, 526

Removed zero-length segments:
    185, 188, 246, 263, 372, 383, 386, 402, 412, 417, 419, 422, 423, 426, 434, 439, 440, 468, 469, 473, 483, 499, 500, 505, 509, 513

Removed zero-length segments:
    244, 248, 324, 334, 387, 506

Merged small segments:
    478, 480, 484, 485, 486, 488, 489, 492, 493, 494, 495, 496, 502, 503, 507, 511, 512, 517, 520, 523, 524

Saving /data/djs217/PROJECTS/26_Fera_sequencing_August_2024/2023012719.unicycler/003_overlaps_removed.gfa

    Unicycler now selects a set of anchor contigs from the single-copy contigs. These are the contigs which will be connected via bridges to form the final assembly.

79 anchor segments (4,881,075 bp) out of 367 total segments (4,935,341 bp)


Creating SPAdes contig bridges (2024-08-20 20:27:29)
----------------------------------------------------
    SPAdes uses paired-end information to perform repeat resolution (RR) and produce contigs from the assembly graph. SPAdes saves the graph paths corresponding to these contigs in the contigs.paths file. When one of these paths contains two or more anchor contigs, Unicycler can create a bridge from the path.

                                                              Bridge
Start                      Path                      End     quality
  -24                  -347 → -169                   61         62.7
  -10      224 → -241 → 202 → 247 → -140 → -236      40         30.4
   -4                      -172                      30         63.2
    1                      -167                      68         62.6
    2   -131 → 207 → 166 → -126 → 159 → 122 → -128   32         17.1
    4               -118 → -95 → -118                -46        10.4
    5      152 → 242 → 202 → -194 → -292 → -151      58         26.6
    6                      -162                      28         63.0
    9                      -129                      62         63.2
   12                -135 → 85 → -135                -47         9.2
   16               -156 → -287 → -168               -45        46.7
   17                 164 → 81 → 164                 33          7.8
   23                      -129                      20         63.2
   25               -171 → 104 → -171                -38        14.7
   26                  -347 → -169                   42         63.2
   27                163 → 284 → 163                 -61        33.1
   32                124 → -331 → 132                63         32.6
   33                      -167                      51         62.5
   34                      162                       19         63.0
   41                      172                       -60        63.1
   54                  -139 → -139                   43         38.7
   69                      137                       -76        62.8
   72   -131 → 208 → 166 → -127 → 159 → 123 → -128   56         17.1


Creating loop unrolling bridges (2024-08-20 20:27:30)
-----------------------------------------------------
    When a SPAdes contig path connects an anchor contig with the middle contig of a simple loop, Unicycler concludes that the sequences are contiguous (i.e. the loop is not a separate piece of DNA). It then uses the read depth of the middle and repeat contigs to guess the number of times to traverse the loop and makes a bridge.

                                  Loop count   Loop count    Loop    Bridge
Start   Repeat   Middle     End    by repeat    by middle   count   quality
   25     -171      104     -38         1.25         1.09       1      38.8
   12     -135       85     -47         1.16         1.10       1      39.5
   46      118       95      -4         1.23         1.18       1      34.6
   27      163      284     -61         1.01         1.04       1      44.0
   17      164       81      33         1.39         0.99       1      44.3


Applying bridges (2024-08-20 20:27:30)
--------------------------------------
    Unicycler now applies to the graph in decreasing order of quality. This ensures that when multiple, contradictory bridges exist, the most supported option is used.

Bridge type   Start → end   Path                                   Quality
SPAdes            9 → 62    -129                                    63.245
SPAdes           23 → 20    -129                                    63.225
SPAdes           26 → 42    -347, -169                              63.206
SPAdes           -4 → 30    -172                                    63.176
SPAdes           41 → -60   172                                     63.090
SPAdes            6 → 28    -162                                    63.022
SPAdes           34 → 19    162                                     62.972
SPAdes           69 → -76   137                                     62.782
SPAdes          -24 → 61    -347, -169                              62.747
SPAdes            1 → 68    -167                                    62.646
SPAdes           33 → 51    -167                                    62.469
SPAdes           16 → -45   -156, -287, -168                        46.655
SPAdes           54 → 43    -139, -139                              38.668
SPAdes           27 → -61   163, 284, 163                           33.128
SPAdes           32 → 63    124, -331, 132                          32.603
SPAdes          -10 → 40    224, -241, 202, 247, -140, -236         30.394
SPAdes            5 → 58    152, 242, 202, -194, -292, -151         26.557
SPAdes            2 → 32    -131, 207, 166, -126, 159, 122, -128    17.100
SPAdes           72 → 56    -131, 208, 166, -127, 159, 123, -128    17.082
SPAdes           25 → -38   -171, 104, -171                         14.668
SPAdes            4 → -46   -118, -95, -118                         10.403
loop             17 → 33    164, 81, 164                            44.278
loop             12 → -47   -135, 85, -135                          39.524

Saving /data/djs217/PROJECTS/26_Fera_sequencing_August_2024/2023012719.unicycler/004_bridges_applied.gfa


Bridged assembly graph (2024-08-20 20:27:30)
--------------------------------------------
    The assembly is now mostly finished and no more structural changes will be made. Ideally the assembly graph should now have one contig per replicon and no erroneous contigs (i.e. a complete assembly). If there are more contigs, then the assembly is not complete.

Saving /data/djs217/PROJECTS/26_Fera_sequencing_August_2024/2023012719.unicycler/005_final_clean.gfa

Component   Segments   Links   Length      N50       Longest segment   Status    
    total        302     441   4,939,847   155,267           553,698             
        1        301     441   4,786,974   155,267           553,698   incomplete
        2          1       0     152,873   152,873           152,873   incomplete


Assembly complete (2024-08-20 20:27:30)
---------------------------------------
Saving /data/djs217/PROJECTS/26_Fera_sequencing_August_2024/2023012719.unicycler/assembly.gfa
Saving /data/djs217/PROJECTS/26_Fera_sequencing_August_2024/2023012719.unicycler/assembly.fasta

