Error: could not find /data/djs217/PROJECTS/26_Fera_sequencing_August_2024/short_reads_2.fastq.gz













Starting Unicycler (2024-08-20 20:27:30)
----------------------------------------
    Welcome to Unicycler, an assembly pipeline for bacterial genomes. Since you provided only short reads, Unicycler will essentially function as a SPAdes-optimiser. It will try many k-mer sizes, choose the best based on contig length and graph connectivity, and scaffold the graph using SPAdes repeat resolution.
    For more information, please see https://github.com/rrwick/Unicycler

Command: /data/djs217/Unicycler-0.5.1/unicycler-runner.py -1 NCPPB-1144_S20_L001_R1_001_val_1.fq.gz -2 NCPPB-1144_S20_L001_R2_001_val_2.fq.gz -o NCPPB-1144.unicycler

Unicycler version: v0.5.1
Using 8 threads

The output directory already exists and files may be reused or overwritten:
  /data/djs217/PROJECTS/26_Fera_sequencing_August_2024/NCPPB-1144.unicycler

Dependencies:
  Program       Version   Status  
  spades.py     4.0.0     good    
  racon                   not used
  makeblastdb   2.12.0+   good    
  tblastn       2.12.0+   good    


Choosing k-mer range for assembly (2024-08-20 20:27:42)
-------------------------------------------------------
    Unicycler chooses a k-mer range for SPAdes based on the length of the input reads. It uses a wide range of many k-mer sizes to maximise the chance of finding an ideal assembly.

SPAdes maximum k-mer: 127
Median read length: 199
K-mer range: 27, 53, 71, 87, 99, 111, 119, 127


SPAdes assemblies (2024-08-20 20:27:50)
---------------------------------------
    Unicycler now uses SPAdes to assemble the short reads. It scores the assembly graph for each k-mer using the number of contigs (fewer is better) and the number of dead ends (fewer is better). The score function is 1/(c*(d+2)), where c is the contig count and d is the dead end count.

spades.py -o /data/djs217/PROJECTS/26_Fera_sequencing_August_2024/NCPPB-1144.unicycler/spades_assembly -k 27 --threads 8 --gfa11 --isolate -1 /data/djs217/PROJECTS/26_Fera_sequencing_August_2024/NCPPB-1144_S20_L001_R1_001_val_1.fq.gz -2 /data/djs217/PROJECTS/26_Fera_sequencing_August_2024/NCPPB-1144_S20_L001_R2_001_val_2.fq.gz -m 1024

spades.py -o /data/djs217/PROJECTS/26_Fera_sequencing_August_2024/NCPPB-1144.unicycler/spades_assembly -k 27,53 --threads 8 --gfa11 --restart-from k27 -m 1024

spades.py -o /data/djs217/PROJECTS/26_Fera_sequencing_August_2024/NCPPB-1144.unicycler/spades_assembly -k 27,53,71 --threads 8 --gfa11 --restart-from k53 -m 1024

spades.py -o /data/djs217/PROJECTS/26_Fera_sequencing_August_2024/NCPPB-1144.unicycler/spades_assembly -k 27,53,71,87 --threads 8 --gfa11 --restart-from k71 -m 1024

spades.py -o /data/djs217/PROJECTS/26_Fera_sequencing_August_2024/NCPPB-1144.unicycler/spades_assembly -k 27,53,71,87,99 --threads 8 --gfa11 --restart-from k87 -m 1024

spades.py -o /data/djs217/PROJECTS/26_Fera_sequencing_August_2024/NCPPB-1144.unicycler/spades_assembly -k 27,53,71,87,99,111 --threads 8 --gfa11 --restart-from k99 -m 1024

spades.py -o /data/djs217/PROJECTS/26_Fera_sequencing_August_2024/NCPPB-1144.unicycler/spades_assembly -k 27,53,71,87,99,111,119 --threads 8 --gfa11 --restart-from k111 -m 1024

spades.py -o /data/djs217/PROJECTS/26_Fera_sequencing_August_2024/NCPPB-1144.unicycler/spades_assembly -k 27,53,71,87,99,111,119,127 --threads 8 --gfa11 --restart-from k119 -m 1024

K-mer   Contigs   Dead ends   Score      
   27                         too complex
   53       942           5      1.52e-04
   71       640           7      1.74e-04
   87       482           7      2.31e-04
   99       365           7      3.04e-04
  111       342           7      3.25e-04
  119       324           7      3.43e-04
  127       322           7      3.45e-04 ← best

Read depth filter: removed 1 contigs totalling 246 bp
Deleting /data/djs217/PROJECTS/26_Fera_sequencing_August_2024/NCPPB-1144.unicycler/spades_assembly/


Determining graph multiplicity (2024-08-20 20:42:03)
----------------------------------------------------
    Multiplicity is the number of times a sequence occurs in the underlying sequence. Single-copy contigs (those with a multiplicity of one, occurring only once in the underlying sequence) are particularly useful.

Saving /data/djs217/PROJECTS/26_Fera_sequencing_August_2024/NCPPB-1144.unicycler/002_depth_filter.gfa


Cleaning graph (2024-08-20 20:42:03)
------------------------------------
    Unicycler now performs various cleaning procedures on the graph to remove overlaps and simplify the graph structure. The end result is a graph ready for bridging.

Graph overlaps removed

Removed zero-length segments:
    173, 174, 177, 178, 179, 181, 182, 185, 186, 187, 192, 193, 194, 199, 202, 204, 205, 209, 217, 224, 225, 226, 228, 235, 236, 237, 239, 242, 244, 247, 254, 257, 272, 276, 291

Removed zero-length segments:
    175, 176, 287, 308

Removed zero-length segments:
    180, 298, 305

Removed zero-length segments:
    183

Merged small segments:
    282, 284, 285, 286, 289, 290, 293, 294, 295, 296, 297, 299, 300, 301, 302, 303, 304, 306, 307, 310, 311, 312, 313, 315, 316, 317, 319, 320

Saving /data/djs217/PROJECTS/26_Fera_sequencing_August_2024/NCPPB-1144.unicycler/003_overlaps_removed.gfa

    Unicycler now selects a set of anchor contigs from the single-copy contigs. These are the contigs which will be connected via bridges to form the final assembly.

66 anchor segments (4,902,691 bp) out of 251 total segments (5,005,226 bp)


Creating SPAdes contig bridges (2024-08-20 20:42:03)
----------------------------------------------------
    SPAdes uses paired-end information to perform repeat resolution (RR) and produce contigs from the assembly graph. SPAdes saves the graph paths corresponding to these contigs in the contigs.paths file. When one of these paths contains two or more anchor contigs, Unicycler can create a bridge from the path.

                                          Bridge
Start            Path            End     quality
   -6        -220 → -150         19         62.9
   -3            157             42         63.2
    1     -149 → 231 → -107      26         37.0
   12            138             -48        63.2
   16            150             65         61.0
   19        -220 → -150         -23        63.1
   28            -138            -50        61.2
   47      107 → -230 → 149      5          37.1
   54   141 → -221 → 176 → 156   41         43.1
   62            148             24         63.2


Creating loop unrolling bridges (2024-08-20 20:42:03)
-----------------------------------------------------
    When a SPAdes contig path connects an anchor contig with the middle contig of a simple loop, Unicycler concludes that the sequences are contiguous (i.e. the loop is not a separate piece of DNA). It then uses the read depth of the middle and repeat contigs to guess the number of times to traverse the loop and makes a bridge.

No loop unrolling bridges made


Applying bridges (2024-08-20 20:42:03)
--------------------------------------
    Unicycler now applies to the graph in decreasing order of quality. This ensures that when multiple, contradictory bridges exist, the most supported option is used.

Bridge type   Start → end   Path                  Quality
SPAdes           62 → 24    148                    63.246
SPAdes           -3 → 42    157                    63.242
SPAdes           12 → -48   138                    63.233
SPAdes           19 → -23   -220, -150             63.103
SPAdes           -6 → 19    -220, -150             62.909
SPAdes           28 → -50   -138                   61.188
SPAdes           16 → 65    150                    60.988
SPAdes           54 → 41    141, -221, 176, 156    43.053
SPAdes           47 → 5     107, -230, 149         37.108
SPAdes            1 → 26    -149, 231, -107        37.011

Saving /data/djs217/PROJECTS/26_Fera_sequencing_August_2024/NCPPB-1144.unicycler/004_bridges_applied.gfa


Bridged assembly graph (2024-08-20 20:42:03)
--------------------------------------------
    The assembly is now mostly finished and no more structural changes will be made. Ideally the assembly graph should now have one contig per replicon and no erroneous contigs (i.e. a complete assembly). If there are more contigs, then the assembly is not complete.

Saving /data/djs217/PROJECTS/26_Fera_sequencing_August_2024/NCPPB-1144.unicycler/005_final_clean.gfa

Component   Segments   Links   Length      N50       Longest segment   Status    
        1        227     324   5,005,295   183,318           456,291   incomplete


Assembly complete (2024-08-20 20:42:03)
---------------------------------------
Saving /data/djs217/PROJECTS/26_Fera_sequencing_August_2024/NCPPB-1144.unicycler/assembly.gfa
Saving /data/djs217/PROJECTS/26_Fera_sequencing_August_2024/NCPPB-1144.unicycler/assembly.fasta














Starting Unicycler (2024-08-21 18:58:22)
----------------------------------------
    Welcome to Unicycler, an assembly pipeline for bacterial genomes. Since you provided only short reads, Unicycler will essentially function as a SPAdes-optimiser. It will try many k-mer sizes, choose the best based on contig length and graph connectivity, and scaffold the graph using SPAdes repeat resolution.
    For more information, please see https://github.com/rrwick/Unicycler

Command: /data/djs217/Unicycler-0.5.1/unicycler-runner.py -1 NCPPB-1144_S20_L001_R1_001_val_1.fq.gz -2 NCPPB-1144_S20_L001_R2_001_val_2.fq.gz -o NCPPB-1144.unicycler

Unicycler version: v0.5.1
Using 8 threads

The output directory already exists and files may be reused or overwritten:
  /data/djs217/PROJECTS/26_Fera_sequencing_August_2024/NCPPB-1144.unicycler

Dependencies:
  Program       Version   Status  
  spades.py     4.0.0     good    
  racon                   not used
  makeblastdb   2.12.0+   good    
  tblastn       2.12.0+   good    

SPAdes graph already exists. Will use this graph instead of running SPAdes:
  /data/djs217/PROJECTS/26_Fera_sequencing_August_2024/NCPPB-1144.unicycler/002_depth_filter.gfa


Determining graph multiplicity (2024-08-21 18:58:23)
----------------------------------------------------
    Multiplicity is the number of times a sequence occurs in the underlying sequence. Single-copy contigs (those with a multiplicity of one, occurring only once in the underlying sequence) are particularly useful.


Cleaning graph (2024-08-21 18:58:23)
------------------------------------
    Unicycler now performs various cleaning procedures on the graph to remove overlaps and simplify the graph structure. The end result is a graph ready for bridging.

Graph overlaps removed

Removed zero-length segments:
    173, 174, 177, 178, 179, 181, 182, 185, 186, 187, 192, 193, 194, 199, 202, 204, 205, 209, 217, 224, 225, 226, 228, 235, 236, 237, 239, 242, 244, 247, 254, 257, 272, 276, 291

Removed zero-length segments:
    175, 176, 287, 308

Removed zero-length segments:
    180, 298, 305

Removed zero-length segments:
    183

Merged small segments:
    282, 284, 285, 286, 289, 290, 293, 294, 295, 296, 297, 299, 300, 301, 302, 303, 304, 306, 307, 310, 311, 312, 313, 315, 316, 317, 319, 320

Saving /data/djs217/PROJECTS/26_Fera_sequencing_August_2024/NCPPB-1144.unicycler/003_overlaps_removed.gfa

    Unicycler now selects a set of anchor contigs from the single-copy contigs. These are the contigs which will be connected via bridges to form the final assembly.

66 anchor segments (4,902,691 bp) out of 251 total segments (5,005,226 bp)


Creating SPAdes contig bridges (2024-08-21 18:58:23)
----------------------------------------------------
    SPAdes uses paired-end information to perform repeat resolution (RR) and produce contigs from the assembly graph. SPAdes saves the graph paths corresponding to these contigs in the contigs.paths file. When one of these paths contains two or more anchor contigs, Unicycler can create a bridge from the path.

                                          Bridge
Start            Path            End     quality
   -6        -222 → -150         19         62.9
   -3            157             42         63.2
    1     -149 → 230 → -107      26         37.0
   12            138             -48        63.2
   16            150             65         61.0
   19        -222 → -150         -23        63.1
   28            -138            -50        61.2
   47      107 → -229 → 149      5          37.1
   54   141 → -220 → 176 → 155   41         43.1
   62            148             24         63.2


Creating loop unrolling bridges (2024-08-21 18:58:23)
-----------------------------------------------------
    When a SPAdes contig path connects an anchor contig with the middle contig of a simple loop, Unicycler concludes that the sequences are contiguous (i.e. the loop is not a separate piece of DNA). It then uses the read depth of the middle and repeat contigs to guess the number of times to traverse the loop and makes a bridge.

No loop unrolling bridges made


Applying bridges (2024-08-21 18:58:23)
--------------------------------------
    Unicycler now applies to the graph in decreasing order of quality. This ensures that when multiple, contradictory bridges exist, the most supported option is used.

Bridge type   Start → end   Path                  Quality
SPAdes           62 → 24    148                    63.246
SPAdes           -3 → 42    157                    63.242
SPAdes           12 → -48   138                    63.233
SPAdes           19 → -23   -222, -150             63.103
SPAdes           -6 → 19    -222, -150             62.909
SPAdes           28 → -50   -138                   61.188
SPAdes           16 → 65    150                    60.988
SPAdes           54 → 41    141, -220, 176, 155    43.053
SPAdes           47 → 5     107, -229, 149         37.108
SPAdes            1 → 26    -149, 230, -107        37.011

Saving /data/djs217/PROJECTS/26_Fera_sequencing_August_2024/NCPPB-1144.unicycler/004_bridges_applied.gfa


Bridged assembly graph (2024-08-21 18:58:23)
--------------------------------------------
    The assembly is now mostly finished and no more structural changes will be made. Ideally the assembly graph should now have one contig per replicon and no erroneous contigs (i.e. a complete assembly). If there are more contigs, then the assembly is not complete.

Saving /data/djs217/PROJECTS/26_Fera_sequencing_August_2024/NCPPB-1144.unicycler/005_final_clean.gfa

Component   Segments   Links   Length      N50       Longest segment   Status    
        1        227     324   5,005,295   183,318           456,291   incomplete


Assembly complete (2024-08-21 18:58:23)
---------------------------------------
Saving /data/djs217/PROJECTS/26_Fera_sequencing_August_2024/NCPPB-1144.unicycler/assembly.gfa
Saving /data/djs217/PROJECTS/26_Fera_sequencing_August_2024/NCPPB-1144.unicycler/assembly.fasta














Starting Unicycler (2024-08-21 19:00:53)
----------------------------------------
    Welcome to Unicycler, an assembly pipeline for bacterial genomes. Since you provided only short reads, Unicycler will essentially function as a SPAdes-optimiser. It will try many k-mer sizes, choose the best based on contig length and graph connectivity, and scaffold the graph using SPAdes repeat resolution.
    For more information, please see https://github.com/rrwick/Unicycler

Command: /data/djs217/Unicycler-0.5.1/unicycler-runner.py -1 NCPPB-1144_S20_L001_R1_001_val_1.fq.gz -2 NCPPB-1144_S20_L001_R2_001_val_2.fq.gz -o NCPPB-1144.unicycler

Unicycler version: v0.5.1
Using 8 threads

The output directory already exists and files may be reused or overwritten:
  /data/djs217/PROJECTS/26_Fera_sequencing_August_2024/NCPPB-1144.unicycler

Dependencies:
  Program       Version   Status  
  spades.py     4.0.0     good    
  racon                   not used
  makeblastdb   2.12.0+   good    
  tblastn       2.12.0+   good    

SPAdes graph already exists. Will use this graph instead of running SPAdes:
  /data/djs217/PROJECTS/26_Fera_sequencing_August_2024/NCPPB-1144.unicycler/002_depth_filter.gfa


Determining graph multiplicity (2024-08-21 19:00:54)
----------------------------------------------------
    Multiplicity is the number of times a sequence occurs in the underlying sequence. Single-copy contigs (those with a multiplicity of one, occurring only once in the underlying sequence) are particularly useful.


Cleaning graph (2024-08-21 19:00:54)
------------------------------------
    Unicycler now performs various cleaning procedures on the graph to remove overlaps and simplify the graph structure. The end result is a graph ready for bridging.

Graph overlaps removed

Removed zero-length segments:
    173, 174, 177, 178, 179, 181, 182, 185, 186, 187, 192, 193, 194, 199, 202, 204, 205, 209, 217, 224, 225, 226, 228, 235, 236, 237, 239, 242, 244, 247, 254, 257, 272, 276, 291

Removed zero-length segments:
    175, 176, 287, 308

Removed zero-length segments:
    180, 298, 305

Removed zero-length segments:
    183

Merged small segments:
    282, 284, 285, 286, 289, 290, 293, 294, 295, 296, 297, 299, 300, 301, 302, 303, 304, 306, 307, 310, 311, 312, 313, 315, 316, 317, 319, 320

Saving /data/djs217/PROJECTS/26_Fera_sequencing_August_2024/NCPPB-1144.unicycler/003_overlaps_removed.gfa

    Unicycler now selects a set of anchor contigs from the single-copy contigs. These are the contigs which will be connected via bridges to form the final assembly.

66 anchor segments (4,902,691 bp) out of 251 total segments (5,005,226 bp)


Creating SPAdes contig bridges (2024-08-21 19:00:54)
----------------------------------------------------
    SPAdes uses paired-end information to perform repeat resolution (RR) and produce contigs from the assembly graph. SPAdes saves the graph paths corresponding to these contigs in the contigs.paths file. When one of these paths contains two or more anchor contigs, Unicycler can create a bridge from the path.

                                          Bridge
Start            Path            End     quality
   -6        -222 → -150         19         62.9
   -3            157             42         63.2
    1     -149 → 230 → -107      26         37.0
   12            138             -48        63.2
   16            150             65         61.0
   19        -222 → -150         -23        63.1
   28            -138            -50        61.2
   47      107 → -229 → 149      5          37.1
   54   141 → -220 → 176 → 155   41         43.1
   62            148             24         63.2


Creating loop unrolling bridges (2024-08-21 19:00:54)
-----------------------------------------------------
    When a SPAdes contig path connects an anchor contig with the middle contig of a simple loop, Unicycler concludes that the sequences are contiguous (i.e. the loop is not a separate piece of DNA). It then uses the read depth of the middle and repeat contigs to guess the number of times to traverse the loop and makes a bridge.

No loop unrolling bridges made


Applying bridges (2024-08-21 19:00:54)
--------------------------------------
    Unicycler now applies to the graph in decreasing order of quality. This ensures that when multiple, contradictory bridges exist, the most supported option is used.

Bridge type   Start → end   Path                  Quality
SPAdes           62 → 24    148                    63.246
SPAdes           -3 → 42    157                    63.242
SPAdes           12 → -48   138                    63.233
SPAdes           19 → -23   -222, -150             63.103
SPAdes           -6 → 19    -222, -150             62.909
SPAdes           28 → -50   -138                   61.188
SPAdes           16 → 65    150                    60.988
SPAdes           54 → 41    141, -220, 176, 155    43.053
SPAdes           47 → 5     107, -229, 149         37.108
SPAdes            1 → 26    -149, 230, -107        37.011

Saving /data/djs217/PROJECTS/26_Fera_sequencing_August_2024/NCPPB-1144.unicycler/004_bridges_applied.gfa


Bridged assembly graph (2024-08-21 19:00:54)
--------------------------------------------
    The assembly is now mostly finished and no more structural changes will be made. Ideally the assembly graph should now have one contig per replicon and no erroneous contigs (i.e. a complete assembly). If there are more contigs, then the assembly is not complete.

Saving /data/djs217/PROJECTS/26_Fera_sequencing_August_2024/NCPPB-1144.unicycler/005_final_clean.gfa

Component   Segments   Links   Length      N50       Longest segment   Status    
        1        227     324   5,005,295   183,318           456,291   incomplete


Assembly complete (2024-08-21 19:00:54)
---------------------------------------
Saving /data/djs217/PROJECTS/26_Fera_sequencing_August_2024/NCPPB-1144.unicycler/assembly.gfa
Saving /data/djs217/PROJECTS/26_Fera_sequencing_August_2024/NCPPB-1144.unicycler/assembly.fasta

