
Starting Unicycler (2024-08-21 19:03:39)
----------------------------------------
    Welcome to Unicycler, an assembly pipeline for bacterial genomes. Since you provided only short reads, Unicycler will essentially function as a SPAdes-optimiser. It will try many k-mer sizes, choose the best based on contig length and graph connectivity, and scaffold the graph using SPAdes repeat resolution.
    For more information, please see https://github.com/rrwick/Unicycler

Command: /data/djs217/Unicycler-0.5.1/unicycler-runner.py -1 NCPPB-3927_S22_L001_R1_001_val_1.fq.gz -2 NCPPB-3927_S22_L001_R2_001_val_2.fq.gz -o NCPPB-3927.unicycler

Unicycler version: v0.5.1
Using 8 threads

Making output directory:
  /data/djs217/PROJECTS/26_Fera_sequencing_August_2024/NCPPB-3927.unicycler

Dependencies:
  Program       Version   Status  
  spades.py     4.0.0     good    
  racon                   not used
  makeblastdb   2.12.0+   good    
  tblastn       2.12.0+   good    


Choosing k-mer range for assembly (2024-08-21 19:03:45)
-------------------------------------------------------
    Unicycler chooses a k-mer range for SPAdes based on the length of the input reads. It uses a wide range of many k-mer sizes to maximise the chance of finding an ideal assembly.

SPAdes maximum k-mer: 127
Median read length: 220
K-mer range: 27, 53, 71, 87, 99, 111, 119, 127


SPAdes assemblies (2024-08-21 19:03:50)
---------------------------------------
    Unicycler now uses SPAdes to assemble the short reads. It scores the assembly graph for each k-mer using the number of contigs (fewer is better) and the number of dead ends (fewer is better). The score function is 1/(c*(d+2)), where c is the contig count and d is the dead end count.

spades.py -o /data/djs217/PROJECTS/26_Fera_sequencing_August_2024/NCPPB-3927.unicycler/spades_assembly -k 27 --threads 8 --gfa11 --isolate -1 /data/djs217/PROJECTS/26_Fera_sequencing_August_2024/NCPPB-3927_S22_L001_R1_001_val_1.fq.gz -2 /data/djs217/PROJECTS/26_Fera_sequencing_August_2024/NCPPB-3927_S22_L001_R2_001_val_2.fq.gz -m 1024

spades.py -o /data/djs217/PROJECTS/26_Fera_sequencing_August_2024/NCPPB-3927.unicycler/spades_assembly -k 27,53 --threads 8 --gfa11 --restart-from k27 -m 1024

spades.py -o /data/djs217/PROJECTS/26_Fera_sequencing_August_2024/NCPPB-3927.unicycler/spades_assembly -k 27,53,71 --threads 8 --gfa11 --restart-from k53 -m 1024

spades.py -o /data/djs217/PROJECTS/26_Fera_sequencing_August_2024/NCPPB-3927.unicycler/spades_assembly -k 27,53,71,87 --threads 8 --gfa11 --restart-from k71 -m 1024

spades.py -o /data/djs217/PROJECTS/26_Fera_sequencing_August_2024/NCPPB-3927.unicycler/spades_assembly -k 27,53,71,87,99 --threads 8 --gfa11 --restart-from k87 -m 1024

spades.py -o /data/djs217/PROJECTS/26_Fera_sequencing_August_2024/NCPPB-3927.unicycler/spades_assembly -k 27,53,71,87,99,111 --threads 8 --gfa11 --restart-from k99 -m 1024

spades.py -o /data/djs217/PROJECTS/26_Fera_sequencing_August_2024/NCPPB-3927.unicycler/spades_assembly -k 27,53,71,87,99,111,119 --threads 8 --gfa11 --restart-from k111 -m 1024

spades.py -o /data/djs217/PROJECTS/26_Fera_sequencing_August_2024/NCPPB-3927.unicycler/spades_assembly -k 27,53,71,87,99,111,119,127 --threads 8 --gfa11 --restart-from k119 -m 1024

K-mer   Contigs   Dead ends   Score      
   27                         too complex
   53       972           6      1.29e-04
   71       673           6      1.86e-04
   87       511           6      2.45e-04
   99       441           5      3.24e-04
  111       390           5      3.66e-04
  119       363           5      3.94e-04 ← best
  127       342           8      2.92e-04

Read depth filter: removed 2 contigs totalling 872 bp
Deleting /data/djs217/PROJECTS/26_Fera_sequencing_August_2024/NCPPB-3927.unicycler/spades_assembly/


Determining graph multiplicity (2024-08-21 19:14:10)
----------------------------------------------------
    Multiplicity is the number of times a sequence occurs in the underlying sequence. Single-copy contigs (those with a multiplicity of one, occurring only once in the underlying sequence) are particularly useful.

Saving /data/djs217/PROJECTS/26_Fera_sequencing_August_2024/NCPPB-3927.unicycler/002_depth_filter.gfa


Cleaning graph (2024-08-21 19:14:10)
------------------------------------
    Unicycler now performs various cleaning procedures on the graph to remove overlaps and simplify the graph structure. The end result is a graph ready for bridging.

Graph overlaps removed

Removed zero-length segments:
    161, 164, 166, 171, 174, 196, 198, 214, 219, 221, 233, 234, 237, 241, 242, 243, 244, 252, 253, 256, 261, 263, 264, 268, 270, 271, 272, 273, 274, 277, 278, 279, 281, 286, 289, 290, 291, 296, 300, 310, 311, 312, 314, 316, 317, 324, 340, 343

Removed zero-length segments:
    193, 341

Removed zero-length segments:
    307, 336, 356

Merged small segments:
    297, 298, 299, 303, 305, 306, 309, 313, 318, 319, 320, 321, 323, 325, 326, 329, 330, 331, 333, 334, 335, 337, 338, 339, 342, 344, 345, 346, 347, 348, 349, 350, 351, 352, 353, 354, 355, 357, 358, 359, 360, 361, 362

Saving /data/djs217/PROJECTS/26_Fera_sequencing_August_2024/NCPPB-3927.unicycler/003_overlaps_removed.gfa

    Unicycler now selects a set of anchor contigs from the single-copy contigs. These are the contigs which will be connected via bridges to form the final assembly.

75 anchor segments (5,107,410 bp) out of 268 total segments (5,163,954 bp)


Creating SPAdes contig bridges (2024-08-21 19:14:10)
----------------------------------------------------
    SPAdes uses paired-end information to perform repeat resolution (RR) and produce contigs from the assembly graph. SPAdes saves the graph paths corresponding to these contigs in the contigs.paths file. When one of these paths contains two or more anchor contigs, Unicycler can create a bridge from the path.

                                                                                                Bridge
Start                                       Path                                       End     quality
  -38   -153 → -190 → -201 → 118 → 172 → 239 → -150 → 223 → 236 → -221 → -179 → -193   72         24.8
   -7                                       -163                                       50         62.5
    2                                       144                                        44         63.2
    4                                 132 → 109 → 132                                  -6         21.4
   10                                       147                                        -56        63.2
   12                                       -135                                       -64        63.2
   13                                       -144                                       -62        63.1
   22                                       111                                        53         62.7
   23                                       135                                        9          63.2
   26                                       -90                                        54         20.3
   32                                       135                                        60         63.1
   38                                 137 → -85 → 137                                  8          11.2
   45                                       146                                        -66        63.2
   51                                       -111                                       -53        63.2
   54                                       -90                                        31         19.6
   61      145 → 237 → -229 → 222 → 150 → 225 → 142 → 168 → 204 → 140 → 157 → 247      69         24.0
   70                                    -127 → 232                                    35         62.1


Creating loop unrolling bridges (2024-08-21 19:14:10)
-----------------------------------------------------
    When a SPAdes contig path connects an anchor contig with the middle contig of a simple loop, Unicycler concludes that the sequences are contiguous (i.e. the loop is not a separate piece of DNA). It then uses the read depth of the middle and repeat contigs to guess the number of times to traverse the loop and makes a bridge.

                                  Loop count   Loop count    Loop    Bridge
Start   Repeat   Middle     End    by repeat    by middle   count   quality
   20      128      213     -40         0.98         0.68       1      43.0
    4      132      109      -6         0.90         1.12       1      42.0
   -8     -137       85     -38         0.90         1.08       1      41.9


Applying bridges (2024-08-21 19:14:10)
--------------------------------------
    Unicycler now applies to the graph in decreasing order of quality. This ensures that when multiple, contradictory bridges exist, the most supported option is used.

Bridge type   Start → end   Path                                       Quality
SPAdes           23 → 9     135                                         63.245
SPAdes           45 → -66   146                                         63.226
SPAdes            2 → 44    144                                         63.219
SPAdes           12 → -64   -135                                        63.208
SPAdes           51 → -53   -111                                        63.186
SPAdes           10 → -56   147                                         63.172
SPAdes           13 → -62   -144                                        63.126
SPAdes           32 → 60    135                                         63.103
SPAdes           22 → 53    111                                         62.665
SPAdes           -7 → 50    -163                                        62.451
SPAdes           70 → 35    -127, 232                                   62.129
SPAdes          -38 → 72    -153, -190, -201, 118, 172, 239, -150,      24.776
                            223, 236, -221, -179, -193                        
SPAdes           61 → 69    145, 237, -229, 222, 150, 225, 142, 168,    24.025
                            204, 140, 157, 247                                
SPAdes            4 → -6    132, 109, 132                               21.407
SPAdes           26 → 54    -90                                         20.340
SPAdes           54 → 31    -90                                         19.582
SPAdes           38 → 8     137, -85, 137                               11.186
loop             20 → -40   128, 213, 128                               42.978

Saving /data/djs217/PROJECTS/26_Fera_sequencing_August_2024/NCPPB-3927.unicycler/004_bridges_applied.gfa


Bridged assembly graph (2024-08-21 19:14:10)
--------------------------------------------
    The assembly is now mostly finished and no more structural changes will be made. Ideally the assembly graph should now have one contig per replicon and no erroneous contigs (i.e. a complete assembly). If there are more contigs, then the assembly is not complete.

Saving /data/djs217/PROJECTS/26_Fera_sequencing_August_2024/NCPPB-3927.unicycler/005_final_clean.gfa

Component   Segments   Links   Length      N50       Longest segment   Status    
    total        227     328   5,167,821   140,199           477,452             
        1        226     327   5,121,122   140,199           477,452   incomplete
        2          1       1      46,699    46,699            46,699     complete


Rotating completed replicons (2024-08-21 19:14:10)
--------------------------------------------------
    Any completed circular contigs (i.e. single contigs which have one link connecting end to start) can have their start position changed without altering the sequence. For consistency, Unicycler now searches for a starting gene (dnaA or repA) in each such contig, and if one is found, the contig is rotated to start with that gene on the forward strand.

Segment   Length   Depth   Starting gene   Position   Strand   Identity   Coverage
     32   46,699   2.43x   none found                                             


Assembly complete (2024-08-21 19:14:30)
---------------------------------------
Saving /data/djs217/PROJECTS/26_Fera_sequencing_August_2024/NCPPB-3927.unicycler/assembly.gfa
Saving /data/djs217/PROJECTS/26_Fera_sequencing_August_2024/NCPPB-3927.unicycler/assembly.fasta

